============================= test session starts ==============================
platform linux -- Python 3.12.3, pytest-9.0.1, pluggy-1.6.0 -- /home/haroon/SQE/SQE_Project_Saleor/.venv/bin/python3
cachedir: .pytest_cache
django: version: 5.2.8
rootdir: /home/haroon/SQE/SQE_Project_Saleor
configfile: setup.cfg
plugins: django-4.11.1, Faker-26.3.0, xdist-3.8.0, anyio-4.12.0, cov-7.0.0
collecting ... collected 133 items

tests/whitebox/test_product_models.py::TestProductVariantGetBasePrice::test_get_base_price_price_override_none PASSED [  0%]
tests/whitebox/test_product_models.py::TestProductVariantGetBasePrice::test_get_base_price_price_override_provided PASSED [  1%]
tests/whitebox/test_product_models.py::TestProductVariantGetBasePriceDecision::test_decision_price_override_none_true PASSED [  2%]
tests/whitebox/test_product_models.py::TestProductVariantGetBasePriceDecision::test_decision_price_override_none_false PASSED [  3%]
tests/whitebox/test_product_models.py::TestProductVariantGetPrice::test_get_price_price_override_none_with_discounted_price PASSED [  3%]
tests/whitebox/test_product_models.py::TestProductVariantGetPrice::test_get_price_price_override_none_without_discounted_price PASSED [  4%]
tests/whitebox/test_product_models.py::TestProductVariantGetPrice::test_get_price_price_override_provided PASSED [  5%]
tests/whitebox/test_product_models.py::TestProductVariantGetPriceDecision::test_decision_price_override_none_true PASSED [  6%]
tests/whitebox/test_product_models.py::TestProductVariantGetPriceDecision::test_decision_price_override_none_false PASSED [  6%]
tests/whitebox/test_product_models.py::TestProductVariantGetPriceDecision::test_decision_discounted_price_exists_true PASSED [  7%]
tests/whitebox/test_product_models.py::TestProductVariantGetPriceDecision::test_decision_discounted_price_exists_false PASSED [  8%]
tests/whitebox/test_product_models.py::TestProductVariantGetPriorPriceAmount::test_get_prior_price_channel_listing_none PASSED [  9%]
tests/whitebox/test_product_models.py::TestProductVariantGetPriorPriceAmount::test_get_prior_price_prior_price_none PASSED [  9%]
tests/whitebox/test_product_models.py::TestProductVariantGetPriorPriceAmount::test_get_prior_price_with_prior_price PASSED [ 10%]
tests/whitebox/test_product_models.py::TestProductVariantGetWeight::test_get_weight_variant_weight_exists PASSED [ 11%]
tests/whitebox/test_product_models.py::TestProductVariantGetWeight::test_get_weight_product_weight_exists PASSED [ 12%]
tests/whitebox/test_product_models.py::TestProductVariantGetWeight::test_get_weight_product_type_weight_exists PASSED [ 12%]
tests/whitebox/test_product_models.py::TestProductVariantIsDigital::test_is_digital_shipping_required_false_and_is_digital_true PASSED [ 13%]
tests/whitebox/test_product_models.py::TestProductVariantIsDigital::test_is_digital_shipping_required_true PASSED [ 14%]
tests/whitebox/test_product_models.py::TestProductVariantIsDigital::test_is_digital_is_digital_false PASSED [ 15%]
tests/whitebox/test_product_models.py::TestProductVariantIsDigitalMCDC::test_mcdc_not_shipping_required_true_is_digital_true PASSED [ 15%]
tests/whitebox/test_product_models.py::TestProductVariantIsDigitalMCDC::test_mcdc_not_shipping_required_false PASSED [ 16%]
tests/whitebox/test_product_models.py::TestProductVariantIsDigitalMCDC::test_mcdc_is_digital_false PASSED [ 17%]
tests/integration/test_api.py::test_health_endpoint PASSED               [ 18%]
tests/integration/test_api.py::test_graphql_endpoint_exists PASSED       [ 18%]
tests/integration/test_api.py::test_graphql_shop_query FAILED            [ 19%]
tests/integration/test_api.py::test_dashboard_endpoint PASSED            [ 20%]
tests/whitebox/test_core_utils_coverage.py::TestIsValidIPv4::test_valid_ipv4_address PASSED [ 21%]
tests/whitebox/test_core_utils_coverage.py::TestIsValidIPv4::test_invalid_ipv4_address PASSED [ 21%]
tests/whitebox/test_core_utils_coverage.py::TestIsValidIPv6::test_valid_ipv6_address PASSED [ 22%]
tests/whitebox/test_core_utils_coverage.py::TestIsValidIPv6::test_invalid_ipv6_address PASSED [ 23%]
tests/whitebox/test_core_utils_coverage.py::TestPrepareUniqueSlug::test_unique_slug_no_collision PASSED [ 24%]
tests/whitebox/test_core_utils_coverage.py::TestPrepareUniqueSlug::test_unique_slug_with_collision PASSED [ 24%]
tests/whitebox/test_core_utils_coverage.py::TestPrepareUniqueSlug::test_unique_slug_multiple_collisions PASSED [ 25%]
tests/whitebox/test_core_utils_coverage.py::TestPrepareUniqueSlug::test_unique_slug_with_generator PASSED [ 26%]
tests/whitebox/test_core_utils_coverage.py::TestZeroMoney::test_zero_money_usd PASSED [ 27%]
tests/whitebox/test_core_utils_coverage.py::TestZeroMoney::test_zero_money_eur PASSED [ 27%]
tests/whitebox/test_core_utils_coverage.py::TestZeroMoney::test_zero_money_gbp PASSED [ 28%]
tests/whitebox/test_core_utils_coverage.py::TestZeroTaxedMoney::test_zero_taxed_money_usd PASSED [ 29%]
tests/whitebox/test_core_utils_coverage.py::TestZeroTaxedMoney::test_zero_taxed_money_eur PASSED [ 30%]
tests/whitebox/test_core_utils_coverage.py::TestTaxError::test_tax_error_raises PASSED [ 30%]
tests/whitebox/test_core_utils_coverage.py::TestTaxError::test_tax_error_message PASSED [ 31%]
tests/whitebox/test_core_utils_coverage.py::TestTaxDataError::test_tax_data_error_raises PASSED [ 32%]
tests/whitebox/test_core_utils_coverage.py::TestTaxDataError::test_tax_data_error_with_errors_list PASSED [ 33%]
tests/whitebox/test_core_utils_coverage.py::TestTaxDataError::test_tax_data_error_default_empty_errors PASSED [ 33%]
tests/whitebox/test_core_utils_coverage.py::TestTaxType::test_tax_type_creation PASSED [ 34%]
tests/whitebox/test_core_utils_coverage.py::TestTaxType::test_tax_type_frozen PASSED [ 35%]
tests/whitebox/test_core_utils_coverage.py::TestTaxLineData::test_tax_line_data_creation PASSED [ 36%]
tests/whitebox/test_core_utils_coverage.py::TestTaxData::test_tax_data_creation PASSED [ 36%]
tests/whitebox/test_core_utils_coverage.py::TestQuantizePrice::test_quantize_decimal_usd PASSED [ 37%]
tests/whitebox/test_core_utils_coverage.py::TestQuantizePrice::test_quantize_decimal_jpy PASSED [ 38%]
tests/whitebox/test_core_utils_coverage.py::TestQuantizePrice::test_quantize_money_usd PASSED [ 39%]
tests/whitebox/test_core_utils_coverage.py::TestQuantizePrice::test_quantize_taxed_money PASSED [ 39%]
tests/whitebox/test_core_utils_coverage.py::TestMaximumPrice::test_maximum_price_is_positive PASSED [ 40%]
tests/whitebox/test_core_utils_coverage.py::TestMaximumPrice::test_maximum_price_is_integer PASSED [ 41%]
tests/whitebox/test_core_weight_coverage.py::TestZeroWeight::test_zero_weight_returns_weight PASSED [ 42%]
tests/whitebox/test_core_weight_coverage.py::TestZeroWeight::test_zero_weight_is_zero_in_all_units PASSED [ 42%]
tests/whitebox/test_core_weight_coverage.py::TestConvertWeight::test_convert_kg_to_lb PASSED [ 43%]
tests/whitebox/test_core_weight_coverage.py::TestConvertWeight::test_convert_lb_to_kg PASSED [ 44%]
tests/whitebox/test_core_weight_coverage.py::TestConvertWeight::test_convert_kg_to_g PASSED [ 45%]
tests/whitebox/test_core_weight_coverage.py::TestConvertWeight::test_convert_g_to_kg PASSED [ 45%]
tests/whitebox/test_core_weight_coverage.py::TestConvertWeight::test_convert_rounds_to_three_decimals PASSED [ 46%]
tests/whitebox/test_core_weight_coverage.py::TestConvertWeight::test_convert_oz_to_lb PASSED [ 47%]
tests/whitebox/test_discount_interface_coverage.py::TestDiscountInfo::test_create_basic_discount_info PASSED [ 48%]
tests/whitebox/test_discount_interface_coverage.py::TestDiscountInfo::test_create_discount_info_with_all_fields PASSED [ 48%]
tests/whitebox/test_discount_interface_coverage.py::TestDiscountInfo::test_default_values PASSED [ 49%]
tests/whitebox/test_discount_interface_coverage.py::TestDiscountInfo::test_fixed_value_discount PASSED [ 50%]
tests/whitebox/test_discount_interface_coverage.py::TestDiscountInfo::test_percentage_discount PASSED [ 51%]
tests/whitebox/test_discount_interface_coverage.py::TestVoucherInfo::test_create_empty_voucher_info PASSED [ 51%]
tests/whitebox/test_discount_interface_coverage.py::TestVoucherInfo::test_create_voucher_info_with_pks PASSED [ 52%]
tests/whitebox/test_discount_interface_coverage.py::TestVoucherInfo::test_voucher_info_with_none_code PASSED [ 53%]
tests/whitebox/test_exceptions_coverage.py::TestInsufficientStockData::test_create_basic_data PASSED [ 54%]
tests/whitebox/test_exceptions_coverage.py::TestInsufficientStockData::test_create_data_with_warehouse PASSED [ 54%]
tests/whitebox/test_exceptions_coverage.py::TestUnsupportedMediaProviderException::test_default_message PASSED [ 55%]
tests/whitebox/test_exceptions_coverage.py::TestUnsupportedMediaProviderException::test_custom_message PASSED [ 56%]
tests/whitebox/test_exceptions_coverage.py::TestUnsupportedMediaProviderException::test_raises PASSED [ 57%]
tests/whitebox/test_exceptions_coverage.py::TestNonExistingCheckoutLines::test_raises_with_line_pks PASSED [ 57%]
tests/whitebox/test_exceptions_coverage.py::TestNonExistingCheckoutLines::test_message PASSED [ 58%]
tests/whitebox/test_exceptions_coverage.py::TestNonExistingCheckout::test_raises_with_token PASSED [ 59%]
tests/whitebox/test_exceptions_coverage.py::TestNonExistingCheckout::test_message PASSED [ 60%]
tests/whitebox/test_exceptions_coverage.py::TestInsufficientStock::test_raises_with_items PASSED [ 60%]
tests/whitebox/test_exceptions_coverage.py::TestInsufficientStock::test_has_code PASSED [ 61%]
tests/whitebox/test_exceptions_coverage.py::TestAllocationError::test_raises_with_order_lines PASSED [ 62%]
tests/whitebox/test_exceptions_coverage.py::TestAllocationError::test_message_contains_lines PASSED [ 63%]
tests/whitebox/test_exceptions_coverage.py::TestPreorderAllocationError::test_raises_with_order_line PASSED [ 63%]
tests/whitebox/test_exceptions_coverage.py::TestPreorderAllocationError::test_message_contains_line PASSED [ 64%]
tests/whitebox/test_exceptions_coverage.py::TestProductNotPublished::test_default_message PASSED [ 65%]
tests/whitebox/test_exceptions_coverage.py::TestProductNotPublished::test_context PASSED [ 66%]
tests/whitebox/test_exceptions_coverage.py::TestProductNotPublished::test_has_code PASSED [ 66%]
tests/whitebox/test_exceptions_coverage.py::TestPermissionDenied::test_default_message PASSED [ 67%]
tests/whitebox/test_exceptions_coverage.py::TestPermissionDenied::test_custom_message PASSED [ 68%]
tests/whitebox/test_exceptions_coverage.py::TestPermissionDenied::test_with_permissions PASSED [ 69%]
tests/whitebox/test_exceptions_coverage.py::TestGiftCardNotApplicable::test_message PASSED [ 69%]
tests/whitebox/test_exceptions_coverage.py::TestGiftCardNotApplicable::test_has_code PASSED [ 70%]
tests/whitebox/test_exceptions_coverage.py::TestCircularSubscriptionSyncEvent::test_is_graphql_error PASSED [ 71%]
tests/whitebox/test_exceptions_coverage.py::TestSyncEventError::test_message_and_code PASSED [ 72%]
tests/whitebox/test_exceptions_coverage.py::TestSyncEventError::test_str PASSED [ 72%]
tests/whitebox/test_exceptions_coverage.py::TestSyncEventError::test_without_code PASSED [ 73%]
tests/whitebox/test_promo_code_coverage.py::TestGenerateRandomCode::test_generate_random_code_format PASSED [ 74%]
tests/whitebox/test_promo_code_coverage.py::TestGenerateRandomCode::test_generate_random_code_length PASSED [ 75%]
tests/whitebox/test_promo_code_coverage.py::TestGenerateRandomCode::test_generate_random_code_is_uppercase PASSED [ 75%]
tests/whitebox/test_promo_code_coverage.py::TestGenerateRandomCode::test_generate_random_code_uniqueness PASSED [ 76%]
tests/whitebox/test_promo_code_coverage.py::TestGenerateRandomCode::test_generate_random_code_contains_dashes PASSED [ 77%]
tests/whitebox/test_promo_code_coverage.py::TestInvalidPromoCode::test_invalid_promo_code_raises PASSED [ 78%]
tests/whitebox/test_promo_code_coverage.py::TestInvalidPromoCode::test_invalid_promo_code_default_message PASSED [ 78%]
tests/whitebox/test_promo_code_coverage.py::TestInvalidPromoCode::test_invalid_promo_code_custom_message PASSED [ 79%]
tests/whitebox/test_shipping_interface_coverage.py::TestShippingMethodData::test_create_basic_shipping_method PASSED [ 80%]
tests/whitebox/test_shipping_interface_coverage.py::TestShippingMethodData::test_create_shipping_method_with_all_fields PASSED [ 81%]
tests/whitebox/test_shipping_interface_coverage.py::TestShippingMethodData::test_default_values PASSED [ 81%]
tests/whitebox/test_shipping_interface_coverage.py::TestShippingMethodData::test_is_external_with_numeric_id PASSED [ 82%]
tests/whitebox/test_shipping_interface_coverage.py::TestShippingMethodData::test_is_external_with_invalid_global_id PASSED [ 83%]
tests/whitebox/test_shipping_interface_coverage.py::TestShippingMethodData::test_metadata_can_be_updated PASSED [ 84%]
tests/whitebox/test_shipping_interface_coverage.py::TestShippingMethodData::test_active_status PASSED [ 84%]
tests/whitebox/test_shipping_interface_coverage.py::TestShippingMethodData::test_message_field PASSED [ 85%]
tests/whitebox/test_shipping_interface_coverage.py::TestShippingMethodData::test_weight_fields PASSED [ 86%]
tests/whitebox/test_url_utils_coverage.py::TestPrepareUrl::test_prepare_url_adds_params_to_empty_query PASSED [ 87%]
tests/whitebox/test_url_utils_coverage.py::TestPrepareUrl::test_prepare_url_appends_to_existing_query PASSED [ 87%]
tests/whitebox/test_url_utils_coverage.py::TestPrepareUrl::test_prepare_url_with_path PASSED [ 88%]
tests/whitebox/test_url_utils_coverage.py::TestPrepareUrl::test_prepare_url_with_fragment PASSED [ 89%]
tests/whitebox/test_url_utils_coverage.py::TestPrepareUrl::test_prepare_url_preserves_scheme PASSED [ 90%]
tests/whitebox/test_url_utils_coverage.py::TestSanitizeUrlForLogging::test_sanitize_url_without_credentials PASSED [ 90%]
tests/whitebox/test_url_utils_coverage.py::TestSanitizeUrlForLogging::test_sanitize_url_with_username_and_password PASSED [ 91%]
tests/whitebox/test_url_utils_coverage.py::TestSanitizeUrlForLogging::test_sanitize_url_with_port PASSED [ 92%]
tests/whitebox/test_url_utils_coverage.py::TestSanitizeUrlForLogging::test_sanitize_url_preserves_path_and_query PASSED [ 93%]
tests/whitebox/test_url_utils_coverage.py::TestSanitizeUrlForLogging::test_sanitize_url_simple_url PASSED [ 93%]
tests/whitebox/test_validators_coverage.py::TestIsDateInFuture::test_future_date_returns_true PASSED [ 94%]
tests/whitebox/test_validators_coverage.py::TestIsDateInFuture::test_past_date_returns_false PASSED [ 95%]
tests/whitebox/test_validators_coverage.py::TestIsDateInFuture::test_today_returns_false PASSED [ 96%]
tests/whitebox/test_validators_coverage.py::TestIsDateInFuture::test_yesterday_returns_false PASSED [ 96%]
tests/whitebox/test_validators_coverage.py::TestIsDateInFuture::test_tomorrow_returns_true PASSED [ 97%]
tests/whitebox/test_validators_coverage.py::TestIsDateInFuture::test_far_future_date_returns_true PASSED [ 98%]
tests/integration/test_api.py::test_graphql_products_query FAILED        [ 99%]
tests/integration/test_api.py::test_static_files PASSED                  [100%]

=================================== FAILURES ===================================
___________________________ test_graphql_shop_query ____________________________

    @pytest.mark.django_db
    def test_graphql_shop_query():
        """Test GraphQL shop query (black-box)"""
        client = Client()
        query = '''
        query {
          shop {
            name
            version
            description
          }
        }
        '''
    
        response = client.post(
            '/graphql/',
            data=json.dumps({'query': query}),
            content_type='application/json'
        )
    
>       assert response.status_code == 200
E       assert 400 == 200
E        +  where 400 = <JsonResponse status_code=400, "application/json">.status_code

tests/integration/test_api.py:54: AssertionError
_________________________ test_graphql_products_query __________________________

    def test_graphql_products_query():
        """Test GraphQL products query (black-box)"""
        client = Client()
        query = '''
        query {
          products(first: 5) {
            edges {
              node {
                name
                slug
              }
            }
          }
        }
        '''
    
        response = client.post(
            '/graphql/',
            data=json.dumps({'query': query}),
            content_type='application/json'
        )
    
>       assert response.status_code == 200
E       assert 400 == 200
E        +  where 400 = <JsonResponse status_code=400, "application/json">.status_code

tests/integration/test_api.py:88: AssertionError
=============================== warnings summary ===============================
saleor/settings.py:264
  /home/haroon/SQE/SQE_Project_Saleor/saleor/settings.py:264: UserWarning: SECRET_KEY not configured, using a random temporary key.
    warnings.warn(

.venv/lib/python3.12/site-packages/_pytest/config/__init__.py:1397
  /home/haroon/SQE/SQE_Project_Saleor/.venv/lib/python3.12/site-packages/_pytest/config/__init__.py:1397: PytestConfigWarning: Unknown config option: asyncio_default_fixture_loop_scope
  
    self._warn_or_fail_if_strict(f"Unknown config option: {key}\n")

.venv/lib/python3.12/site-packages/_pytest/config/__init__.py:1397
  /home/haroon/SQE/SQE_Project_Saleor/.venv/lib/python3.12/site-packages/_pytest/config/__init__.py:1397: PytestConfigWarning: Unknown config option: asyncio_mode
  
    self._warn_or_fail_if_strict(f"Unknown config option: {key}\n")

tests/integration/test_api.py::test_static_files
  /home/haroon/SQE/SQE_Project_Saleor:0: PytestWarning: Error when trying to teardown test databases: ProgrammingError('database "test_saleor" does not exist')

-- Docs: https://docs.pytest.org/en/stable/how-to/capture-warnings.html
================================ tests coverage ================================
_______________ coverage: platform linux, python 3.12.3-final-0 ________________

Name                                                                                                 Stmts   Miss  Cover
------------------------------------------------------------------------------------------------------------------------
saleor/__init__.py                                                                                      16      4    75%
saleor/__main__.py                                                                                       4      4     0%
saleor/account/__init__.py                                                                              17      0   100%
saleor/account/apps.py                                                                                   8      0   100%
saleor/account/error_codes.py                                                                           62      0   100%
saleor/account/events.py                                                                                32     14    56%
saleor/account/forms.py                                                                                 20     17    15%
saleor/account/i18n.py                                                                                 180     88    51%
saleor/account/i18n_rules_override.py                                                                   12      0   100%
saleor/account/i18n_valid_address_extension.py                                                           8      0   100%
saleor/account/lock_objects.py                                                                           3      1    67%
saleor/account/models.py                                                                               201     67    67%
saleor/account/notifications.py                                                                         72     57    21%
saleor/account/search.py                                                                                45     26    42%
saleor/account/signals.py                                                                                4      2    50%
saleor/account/tasks.py                                                                                 58     35    40%
saleor/account/throttling.py                                                                            70     47    33%
saleor/account/utils.py                                                                                119     81    32%
saleor/account/validators.py                                                                             9      4    56%
saleor/account/widgets.py                                                                               10      5    50%
saleor/app/__init__.py                                                                                   0      0   100%
saleor/app/apps.py                                                                                       9      0   100%
saleor/app/error_codes.py                                                                               17      0   100%
saleor/app/headers.py                                                                                   10      0   100%
saleor/app/installation_utils.py                                                                       169    124    27%
saleor/app/manifest_validations.py                                                                     247    203    18%
saleor/app/models.py                                                                                   114     42    63%
saleor/app/signals.py                                                                                    4      2    50%
saleor/app/tasks.py                                                                                     75     53    29%
saleor/app/types.py                                                                                     66      0   100%
saleor/app/utils.py                                                                                      8      5    38%
saleor/app/validators.py                                                                                49     20    59%
saleor/asgi/__init__.py                                                                                 22     22     0%
saleor/asgi/asgi_handler.py                                                                             54     54     0%
saleor/asgi/cors_handler.py                                                                             41     41     0%
saleor/asgi/gzip_compression.py                                                                         80     80     0%
saleor/asgi/health_check.py                                                                              9      9     0%
saleor/asgi/telemetry.py                                                                                13     13     0%
saleor/attribute/__init__.py                                                                            30      0   100%
saleor/attribute/error_codes.py                                                                         28      0   100%
saleor/attribute/lock_objects.py                                                                         8      3    62%
saleor/attribute/models/__init__.py                                                                      5      0   100%
saleor/attribute/models/base.py                                                                        264    139    47%
saleor/attribute/models/page.py                                                                         23      2    91%
saleor/attribute/models/product.py                                                                      23      2    91%
saleor/attribute/models/product_variant.py                                                              30      2    93%
saleor/attribute/search.py                                                                              29     21    28%
saleor/attribute/utils.py                                                                              100     86    14%
saleor/auth/__init__.py                                                                                  0      0   100%
saleor/celeryconf.py                                                                                    22      3    86%
saleor/channel/__init__.py                                                                              12      0   100%
saleor/channel/error_codes.py                                                                           11      0   100%
saleor/channel/exceptions.py                                                                            10      6    40%
saleor/channel/models.py                                                                                37      1    97%
saleor/channel/tasks/__init__.py                                                                         0      0   100%
saleor/channel/tasks/saleor3_22.py                                                                       7      7     0%
saleor/channel/utils.py                                                                                 21     15    29%
saleor/checkout/__init__.py                                                                             17      0   100%
saleor/checkout/actions.py                                                                             101     77    24%
saleor/checkout/base_calculations.py                                                                   107     90    16%
saleor/checkout/calculations.py                                                                        262    214    18%
saleor/checkout/checkout_cleaner.py                                                                     64     42    34%
saleor/checkout/complete_checkout.py                                                                   628    531    15%
saleor/checkout/error_codes.py                                                                          62      0   100%
saleor/checkout/fetch.py                                                                               325    202    38%
saleor/checkout/lock_objects.py                                                                          6      2    67%
saleor/checkout/models.py                                                                              197     44    78%
saleor/checkout/payment_utils.py                                                                        67     53    21%
saleor/checkout/problems.py                                                                             90     55    39%
saleor/checkout/tasks.py                                                                               102    102     0%
saleor/checkout/utils.py                                                                               531    429    19%
saleor/core/__init__.py                                                                                 27      0   100%
saleor/core/anonymize.py                                                                                23     20    13%
saleor/core/apps.py                                                                                     26      5    81%
saleor/core/auth.py                                                                                     11      6    45%
saleor/core/auth_backend.py                                                                             92     92     0%
saleor/core/context.py                                                                                   8      4    50%
saleor/core/db/__init__.py                                                                               0      0   100%
saleor/core/db/connection.py                                                                            58     23    60%
saleor/core/db/expressions.py                                                                           46     35    24%
saleor/core/db/fields.py                                                                               121     28    77%
saleor/core/db/filters.py                                                                                8      4    50%
saleor/core/db/patch.py                                                                                 19      0   100%
saleor/core/db_routers.py                                                                                6      0   100%
saleor/core/error_codes.py                                                                              25      0   100%
saleor/core/exceptions.py                                                                               69      0   100%
saleor/core/hashers.py                                                                                  16     16     0%
saleor/core/http_client.py                                                                               5      0   100%
saleor/core/jwt.py                                                                                     101     67    34%
saleor/core/jwt_manager.py                                                                             127     35    72%
saleor/core/languages.py                                                                                 1      0   100%
saleor/core/logging.py                                                                                  34     22    35%
saleor/core/middleware.py                                                                               21      7    67%
saleor/core/models.py                                                                                  145     45    69%
saleor/core/notification/__init__.py                                                                     0      0   100%
saleor/core/notification/mutation_handler.py                                                            16     12    25%
saleor/core/notification/utils.py                                                                        8      3    62%
saleor/core/notification/validation.py                                                                  28     14    50%
saleor/core/notify.py                                                                                   35      2    94%
saleor/core/payments.py                                                                                 33     10    70%
saleor/core/postgres.py                                                                                 66     36    45%
saleor/core/prices.py                                                                                   15      2    87%
saleor/core/pricing/__init__.py                                                                          0      0   100%
saleor/core/pricing/interface.py                                                                        23      3    87%
saleor/core/rlimit.py                                                                                   24      6    75%
saleor/core/schedules.py                                                                                84     50    40%
saleor/core/search_tasks.py                                                                             79     33    58%
saleor/core/sqs.py                                                                                      32     32     0%
saleor/core/storages.py                                                                                 39     39     0%
saleor/core/tasks.py                                                                                    54     23    57%
saleor/core/taxes.py                                                                                    34      0   100%
saleor/core/telemetry/__init__.py                                                                       33     17    48%
saleor/core/telemetry/metric.py                                                                         87     38    56%
saleor/core/telemetry/saleor_attributes.py                                                              19      0   100%
saleor/core/telemetry/trace.py                                                                          69     33    52%
saleor/core/telemetry/utils.py                                                                          86     41    52%
saleor/core/templatetags/__init__.py                                                                     0      0   100%
saleor/core/templatetags/taxed_prices.py                                                                17     11    35%
saleor/core/tokens.py                                                                                   10      3    70%
saleor/core/tracing.py                                                                                  26     15    42%
saleor/core/transactions.py                                                                             15     10    33%
saleor/core/units.py                                                                                    46      0   100%
saleor/core/utils/__init__.py                                                                           72     36    50%
saleor/core/utils/anonymization.py                                                                      46     31    33%
saleor/core/utils/batches.py                                                                            10      8    20%
saleor/core/utils/cache.py                                                                              15      2    87%
saleor/core/utils/country.py                                                                            11      7    36%
saleor/core/utils/date_time.py                                                                           5      3    40%
saleor/core/utils/draftjs.py                                                                             9      8    11%
saleor/core/utils/editorjs.py                                                                           82     66    20%
saleor/core/utils/events.py                                                                             59     44    25%
saleor/core/utils/json_serializer.py                                                                    18      7    61%
saleor/core/utils/lazyobjects.py                                                                        20     14    30%
saleor/core/utils/metadata_manager.py                                                                   43     22    49%
saleor/core/utils/promo_code.py                                                                         24      7    71%
saleor/core/utils/text.py                                                                               13     11    15%
saleor/core/utils/translations.py                                                                       26     11    58%
saleor/core/utils/update_mutation_manager.py                                                            34     25    26%
saleor/core/utils/url.py                                                                                32     12    62%
saleor/core/utils/validators.py                                                                         17      6    65%
saleor/core/views.py                                                                                    10      4    60%
saleor/core/weight.py                                                                                   19      8    58%
saleor/csv/__init__.py                                                                                  12      0   100%
saleor/csv/error_codes.py                                                                                6      0   100%
saleor/csv/events.py                                                                                    22      6    73%
saleor/csv/models.py                                                                                    19      0   100%
saleor/csv/notifications.py                                                                             37     28    24%
saleor/csv/tasks.py                                                                                     65     37    43%
saleor/csv/utils/__init__.py                                                                             7      0   100%
saleor/csv/utils/export.py                                                                             114     84    26%
saleor/csv/utils/product_headers.py                                                                     52     39    25%
saleor/csv/utils/products_data.py                                                                      217    168    23%
saleor/discount/__init__.py                                                                             43      0   100%
saleor/discount/error_codes.py                                                                          59      0   100%
saleor/discount/events.py                                                                               26     12    54%
saleor/discount/interface.py                                                                            53     18    66%
saleor/discount/models.py                                                                              289     77    73%
saleor/discount/tasks.py                                                                               172    111    35%
saleor/discount/utils/__init__.py                                                                        0      0   100%
saleor/discount/utils/checkout.py                                                                      125    107    14%
saleor/discount/utils/manual_discount.py                                                                27     16    41%
saleor/discount/utils/order.py                                                                         194    157    19%
saleor/discount/utils/promotion.py                                                                     345    277    20%
saleor/discount/utils/shared.py                                                                         54     43    20%
saleor/discount/utils/voucher.py                                                                       285    229    20%
saleor/giftcard/__init__.py                                                                             22      0   100%
saleor/giftcard/error_codes.py                                                                          10      0   100%
saleor/giftcard/events.py                                                                               42     22    48%
saleor/giftcard/models.py                                                                               63      2    97%
saleor/giftcard/notifications.py                                                                        15      7    53%
saleor/giftcard/search.py                                                                               43     29    33%
saleor/giftcard/tasks.py                                                                                28     28     0%
saleor/giftcard/utils.py                                                                               118     79    33%
saleor/graphql/__init__.py                                                                               0      0   100%
saleor/graphql/account/__init__.py                                                                       0      0   100%
saleor/graphql/account/bulk_mutations/__init__.py                                                        5      0   100%
saleor/graphql/account/bulk_mutations/customer_bulk_delete.py                                           41      9    78%
saleor/graphql/account/bulk_mutations/customer_bulk_update.py                                          296    216    27%
saleor/graphql/account/bulk_mutations/staff_bulk_delete.py                                              51     21    59%
saleor/graphql/account/bulk_mutations/user_bulk_set_active.py                                           31      5    84%
saleor/graphql/account/dataloaders.py                                                                   94     54    43%
saleor/graphql/account/enums.py                                                                         26      1    96%
saleor/graphql/account/filters.py                                                                      130     43    67%
saleor/graphql/account/i18n.py                                                                          85     62    27%
saleor/graphql/account/mixins.py                                                                        32     17    47%
saleor/graphql/account/mutations/__init__.py                                                             0      0   100%
saleor/graphql/account/mutations/account/__init__.py                                                    13      0   100%
saleor/graphql/account/mutations/account/account_address_create.py                                      61     23    62%
saleor/graphql/account/mutations/account/account_address_delete.py                                      17      0   100%
saleor/graphql/account/mutations/account/account_address_update.py                                      18      0   100%
saleor/graphql/account/mutations/account/account_delete.py                                              49     15    69%
saleor/graphql/account/mutations/account/account_register.py                                           145     81    44%
saleor/graphql/account/mutations/account/account_request_deletion.py                                    44     13    70%
saleor/graphql/account/mutations/account/account_set_default_address.py                                 42     12    71%
saleor/graphql/account/mutations/account/account_update.py                                              57     10    82%
saleor/graphql/account/mutations/account/base.py                                                         7      0   100%
saleor/graphql/account/mutations/account/confirm_account.py                                             49     18    63%
saleor/graphql/account/mutations/account/confirm_email_change.py                                        61     24    61%
saleor/graphql/account/mutations/account/request_email_change.py                                        54     19    65%
saleor/graphql/account/mutations/account/send_confirmation_email.py                                     62     27    56%
saleor/graphql/account/mutations/account/utils.py                                                        1      0   100%
saleor/graphql/account/mutations/authentication/__init__.py                                             13      0   100%
saleor/graphql/account/mutations/authentication/create_token.py                                         53     23    57%
saleor/graphql/account/mutations/authentication/deactivate_all_user_tokens.py                           22      5    77%
saleor/graphql/account/mutations/authentication/external_authentication_url.py                          22      3    86%
saleor/graphql/account/mutations/authentication/external_logout.py                                      22      3    86%
saleor/graphql/account/mutations/authentication/external_obtain_access_tokens.py                        33      9    73%
saleor/graphql/account/mutations/authentication/external_refresh.py                                     33      9    73%
saleor/graphql/account/mutations/authentication/external_verify.py                                      26      4    85%
saleor/graphql/account/mutations/authentication/password_change.py                                      48     19    60%
saleor/graphql/account/mutations/authentication/refresh_token.py                                        72     39    46%
saleor/graphql/account/mutations/authentication/request_password_reset.py                               52     22    58%
saleor/graphql/account/mutations/authentication/set_password.py                                         59     28    53%
saleor/graphql/account/mutations/authentication/utils.py                                                42     26    38%
saleor/graphql/account/mutations/authentication/verify_token.py                                         39     13    67%
saleor/graphql/account/mutations/base.py                                                               261    145    44%
saleor/graphql/account/mutations/permission_group/__init__.py                                            4      0   100%
saleor/graphql/account/mutations/permission_group/permission_group_create.py                           142     75    47%
saleor/graphql/account/mutations/permission_group/permission_group_delete.py                            74     33    55%
saleor/graphql/account/mutations/permission_group/permission_group_update.py                           170    101    41%
saleor/graphql/account/mutations/staff/__init__.py                                                      13      0   100%
saleor/graphql/account/mutations/staff/address_create.py                                                53     19    64%
saleor/graphql/account/mutations/staff/address_delete.py                                                18      0   100%
saleor/graphql/account/mutations/staff/address_set_default.py                                           41     11    73%
saleor/graphql/account/mutations/staff/address_update.py                                                19      0   100%
saleor/graphql/account/mutations/staff/base.py                                                           5      0   100%
saleor/graphql/account/mutations/staff/customer_create.py                                               79     37    53%
saleor/graphql/account/mutations/staff/customer_delete.py                                               34      5    85%
saleor/graphql/account/mutations/staff/customer_update.py                                               98     50    49%
saleor/graphql/account/mutations/staff/staff_create.py                                                 144     76    47%
saleor/graphql/account/mutations/staff/staff_delete.py                                                  36      9    75%
saleor/graphql/account/mutations/staff/staff_update.py                                                 116     59    49%
saleor/graphql/account/mutations/staff/user_avatar_delete.py                                            25      5    80%
saleor/graphql/account/mutations/staff/user_avatar_update.py                                            34     10    71%
saleor/graphql/account/resolvers.py                                                                    107     70    35%
saleor/graphql/account/schema.py                                                                       126     20    84%
saleor/graphql/account/sorters.py                                                                       42      3    93%
saleor/graphql/account/types.py                                                                        496    218    56%
saleor/graphql/account/utils.py                                                                        150    114    24%
saleor/graphql/api.py                                                                                   58      3    95%
saleor/graphql/app/__init__.py                                                                           0      0   100%
saleor/graphql/app/dataloaders/__init__.py                                                               7      0   100%
saleor/graphql/app/dataloaders/app.py                                                                   70     42    40%
saleor/graphql/app/dataloaders/app_extension.py                                                         18      9    50%
saleor/graphql/app/dataloaders/app_tokens.py                                                            11      5    55%
saleor/graphql/app/dataloaders/apps.py                                                                  34     23    32%
saleor/graphql/app/dataloaders/thumbnail.py                                                              7      0   100%
saleor/graphql/app/dataloaders/utils.py                                                                 25     11    56%
saleor/graphql/app/enums.py                                                                             32      2    94%
saleor/graphql/app/filters.py                                                                           36     12    67%
saleor/graphql/app/mutations/__init__.py                                                                14      0   100%
saleor/graphql/app/mutations/app_activate.py                                                            29      7    76%
saleor/graphql/app/mutations/app_create.py                                                              66     25    62%
saleor/graphql/app/mutations/app_deactivate.py                                                          29      7    76%
saleor/graphql/app/mutations/app_delete.py                                                              51     17    67%
saleor/graphql/app/mutations/app_delete_failed_installation.py                                          26      4    85%
saleor/graphql/app/mutations/app_fetch_manifest.py                                                      65     31    52%
saleor/graphql/app/mutations/app_install.py                                                             53     12    77%
saleor/graphql/app/mutations/app_reenable_sync_webhooks.py                                              41     10    76%
saleor/graphql/app/mutations/app_retry_install.py                                                       43     12    72%
saleor/graphql/app/mutations/app_token_create.py                                                        55     21    62%
saleor/graphql/app/mutations/app_token_delete.py                                                        38     11    71%
saleor/graphql/app/mutations/app_token_verify.py                                                        22      4    82%
saleor/graphql/app/mutations/app_update.py                                                              50     16    68%
saleor/graphql/app/resolvers.py                                                                         48     33    31%
saleor/graphql/app/schema.py                                                                            82     26    68%
saleor/graphql/app/sorters.py                                                                           18      1    94%
saleor/graphql/app/types.py                                                                            363    120    67%
saleor/graphql/app/utils.py                                                                             17     10    41%
saleor/graphql/attribute/__init__.py                                                                     0      0   100%
saleor/graphql/attribute/bulk_mutations.py                                                              96     45    53%
saleor/graphql/attribute/dataloaders/__init__.py                                                         0      0   100%
saleor/graphql/attribute/dataloaders/assigned_attributes.py                                            363    299    18%
saleor/graphql/attribute/dataloaders/attributes.py                                                      26     11    58%
saleor/graphql/attribute/dataloaders/reference_types.py                                                 59     42    29%
saleor/graphql/attribute/descriptions.py                                                                33      0   100%
saleor/graphql/attribute/enums.py                                                                       18      0   100%
saleor/graphql/attribute/filters.py                                                                    182     61    66%
saleor/graphql/attribute/mutations/__init__.py                                                          11      0   100%
saleor/graphql/attribute/mutations/attribute_bulk_create.py                                            268    201    25%
saleor/graphql/attribute/mutations/attribute_bulk_update.py                                            363    266    27%
saleor/graphql/attribute/mutations/attribute_create.py                                                  96     23    76%
saleor/graphql/attribute/mutations/attribute_delete.py                                                  64     24    62%
saleor/graphql/attribute/mutations/attribute_reorder_values.py                                          54     23    57%
saleor/graphql/attribute/mutations/attribute_update.py                                                  95     28    71%
saleor/graphql/attribute/mutations/attribute_value_create.py                                            72     32    56%
saleor/graphql/attribute/mutations/attribute_value_delete.py                                            47     15    68%
saleor/graphql/attribute/mutations/attribute_value_update.py                                            69     23    67%
saleor/graphql/attribute/mutations/base_reorder_attributes.py                                           78     54    31%
saleor/graphql/attribute/mutations/mixins.py                                                           142     99    30%
saleor/graphql/attribute/mutations/utils.py                                                             19     13    32%
saleor/graphql/attribute/mutations/validators.py                                                         7      3    57%
saleor/graphql/attribute/resolvers.py                                                                    7      3    57%
saleor/graphql/attribute/schema.py                                                                      47     10    79%
saleor/graphql/attribute/shared_filters.py                                                             208    144    31%
saleor/graphql/attribute/sorters.py                                                                     41      2    95%
saleor/graphql/attribute/types.py                                                                      659    268    59%
saleor/graphql/attribute/unions.py                                                                      17      5    71%
saleor/graphql/attribute/utils/__init__.py                                                               0      0   100%
saleor/graphql/attribute/utils/attribute_assignment.py                                                 165    118    28%
saleor/graphql/attribute/utils/shared.py                                                               105     48    54%
saleor/graphql/attribute/utils/type_handlers.py                                                        387    304    21%
saleor/graphql/channel/__init__.py                                                                       0      0   100%
saleor/graphql/channel/dataloaders/__init__.py                                                           0      0   100%
saleor/graphql/channel/dataloaders/by_checkout.py                                                       15      7    53%
saleor/graphql/channel/dataloaders/by_order.py                                                          23     10    57%
saleor/graphql/channel/dataloaders/by_self.py                                                           12      4    67%
saleor/graphql/channel/dataloaders/by_transaction.py                                                    30     20    33%
saleor/graphql/channel/enums.py                                                                         11      0   100%
saleor/graphql/channel/filters.py                                                                        6      4    33%
saleor/graphql/channel/mutations/__init__.py                                                             8      0   100%
saleor/graphql/channel/mutations/base_channel_listing.py                                                63     41    35%
saleor/graphql/channel/mutations/channel_activate.py                                                    36      9    75%
saleor/graphql/channel/mutations/channel_create.py                                                     122     24    80%
saleor/graphql/channel/mutations/channel_deactivate.py                                                  36      9    75%
saleor/graphql/channel/mutations/channel_delete.py                                                      75     28    63%
saleor/graphql/channel/mutations/channel_reorder_warehouses.py                                          48     20    58%
saleor/graphql/channel/mutations/channel_update.py                                                     129     71    45%
saleor/graphql/channel/mutations/utils.py                                                               93     77    17%
saleor/graphql/channel/resolvers.py                                                                     19     11    42%
saleor/graphql/channel/schema.py                                                                        25      2    92%
saleor/graphql/channel/types.py                                                                        147     50    66%
saleor/graphql/channel/utils.py                                                                         64     47    27%
saleor/graphql/checkout/__init__.py                                                                      0      0   100%
saleor/graphql/checkout/dataloaders/__init__.py                                                          5      0   100%
saleor/graphql/checkout/dataloaders/checkout_delivery.py                                                17      7    59%
saleor/graphql/checkout/dataloaders/checkout_infos.py                                                  119     95    20%
saleor/graphql/checkout/dataloaders/models.py                                                           56     29    48%
saleor/graphql/checkout/dataloaders/problems.py                                                         59     40    32%
saleor/graphql/checkout/dataloaders/promotion_rule_infos.py                                             57     45    21%
saleor/graphql/checkout/enums.py                                                                        15      0   100%
saleor/graphql/checkout/filters.py                                                                     105     53    50%
saleor/graphql/checkout/mutations/__init__.py                                                           20      0   100%
saleor/graphql/checkout/mutations/checkout_add_promo_code.py                                            46     13    72%
saleor/graphql/checkout/mutations/checkout_billing_address_update.py                                    50     13    74%
saleor/graphql/checkout/mutations/checkout_complete.py                                                 110     58    47%
saleor/graphql/checkout/mutations/checkout_create.py                                                   203    105    48%
saleor/graphql/checkout/mutations/checkout_create_from_order.py                                        151     88    42%
saleor/graphql/checkout/mutations/checkout_customer_attach.py                                           57     20    65%
saleor/graphql/checkout/mutations/checkout_customer_detach.py                                           43     10    77%
saleor/graphql/checkout/mutations/checkout_customer_note_update.py                                      32      7    78%
saleor/graphql/checkout/mutations/checkout_delivery_method_update.py                                    87     45    48%
saleor/graphql/checkout/mutations/checkout_email_update.py                                              43     10    77%
saleor/graphql/checkout/mutations/checkout_language_code_update.py                                      36      6    83%
saleor/graphql/checkout/mutations/checkout_line_delete.py                                               46     14    70%
saleor/graphql/checkout/mutations/checkout_lines_add.py                                                 98     44    55%
saleor/graphql/checkout/mutations/checkout_lines_delete.py                                              57     23    60%
saleor/graphql/checkout/mutations/checkout_lines_update.py                                              87     29    67%
saleor/graphql/checkout/mutations/checkout_remove_promo_code.py                                         78     35    55%
saleor/graphql/checkout/mutations/checkout_shipping_address_update.py                                   74     29    61%
saleor/graphql/checkout/mutations/checkout_shipping_method_update.py                                    71     33    54%
saleor/graphql/checkout/mutations/order_create_from_checkout.py                                         87     34    61%
saleor/graphql/checkout/mutations/utils.py                                                             242    181    25%
saleor/graphql/checkout/resolvers.py                                                                    40     25    38%
saleor/graphql/checkout/schema.py                                                                       51      6    88%
saleor/graphql/checkout/sorters.py                                                                      25      3    88%
saleor/graphql/checkout/types.py                                                                       667    352    47%
saleor/graphql/checkout/utils.py                                                                        18     10    44%
saleor/graphql/context.py                                                                               47     26    45%
saleor/graphql/core/__init__.py                                                                          6      0   100%
saleor/graphql/core/connection.py                                                                      343    269    22%
saleor/graphql/core/const.py                                                                             1      0   100%
saleor/graphql/core/context.py                                                                          49     13    73%
saleor/graphql/core/dataloaders.py                                                                      63     39    38%
saleor/graphql/core/descriptions.py                                                                     15      0   100%
saleor/graphql/core/doc_category.py                                                                     19      0   100%
saleor/graphql/core/enums.py                                                                           183      2    99%
saleor/graphql/core/federation/__init__.py                                                               3      0   100%
saleor/graphql/core/federation/entities.py                                                              15      0   100%
saleor/graphql/core/federation/resolvers.py                                                              5      3    40%
saleor/graphql/core/federation/schema.py                                                                87     38    56%
saleor/graphql/core/fields.py                                                                           91     10    89%
saleor/graphql/core/filters/__init__.py                                                                  6      0   100%
saleor/graphql/core/filters/filter_input.py                                                             51      2    96%
saleor/graphql/core/filters/filters.py                                                                  65     20    69%
saleor/graphql/core/filters/shared_filters.py                                                           46     28    39%
saleor/graphql/core/filters/where_filters.py                                                            93     34    63%
saleor/graphql/core/filters/where_input.py                                                              76      0   100%
saleor/graphql/core/inputs.py                                                                            4      0   100%
saleor/graphql/core/mutations.py                                                                       592    327    45%
saleor/graphql/core/scalars.py                                                                         149     93    38%
saleor/graphql/core/schema.py                                                                           14      2    86%
saleor/graphql/core/tracing.py                                                                          14      7    50%
saleor/graphql/core/types/__init__.py                                                                    8      0   100%
saleor/graphql/core/types/base.py                                                                       35      0   100%
saleor/graphql/core/types/common.py                                                                    409     11    97%
saleor/graphql/core/types/context.py                                                                    36     12    67%
saleor/graphql/core/types/converter.py                                                                  43      2    95%
saleor/graphql/core/types/event.py                                                                      17      0   100%
saleor/graphql/core/types/model.py                                                                      45     15    67%
saleor/graphql/core/types/money.py                                                                      59      7    88%
saleor/graphql/core/types/order_or_checkout.py                                                          24      7    71%
saleor/graphql/core/types/sort_input.py                                                                 30      0   100%
saleor/graphql/core/types/sync_webhook_control.py                                                       19      2    89%
saleor/graphql/core/types/taxes.py                                                                     231    128    45%
saleor/graphql/core/types/upload.py                                                                     13      3    77%
saleor/graphql/core/types/user_or_app.py                                                                15      5    67%
saleor/graphql/core/utils/__init__.py                                                                   87     40    54%
saleor/graphql/core/utils/error_codes.py                                                                14     10    29%
saleor/graphql/core/utils/reordering.py                                                                 83     61    27%
saleor/graphql/core/utils/resolvers.py                                                                  17     12    29%
saleor/graphql/core/validators/__init__.py                                                              99     76    23%
saleor/graphql/core/validators/file.py                                                                  54     38    30%
saleor/graphql/core/validators/query_cost.py                                                           179    108    40%
saleor/graphql/csv/__init__.py                                                                           0      0   100%
saleor/graphql/csv/dataloaders.py                                                                       13      6    54%
saleor/graphql/csv/enums.py                                                                             35      1    97%
saleor/graphql/csv/filters.py                                                                           17      4    76%
saleor/graphql/csv/mutations/__init__.py                                                                 4      0   100%
saleor/graphql/csv/mutations/base_export.py                                                             32     15    53%
saleor/graphql/csv/mutations/export_gift_cards.py                                                       41      8    80%
saleor/graphql/csv/mutations/export_products.py                                                         72     23    68%
saleor/graphql/csv/mutations/export_voucher_codes.py                                                    60     24    60%
saleor/graphql/csv/resolvers.py                                                                          6      2    67%
saleor/graphql/csv/schema.py                                                                            25      5    80%
saleor/graphql/csv/sorters.py                                                                           23      2    91%
saleor/graphql/csv/types.py                                                                             73     20    73%
saleor/graphql/decorators.py                                                                            72     28    61%
saleor/graphql/discount/__init__.py                                                                      0      0   100%
saleor/graphql/discount/dataloaders.py                                                                 240    162    32%
saleor/graphql/discount/enums.py                                                                        50      0   100%
saleor/graphql/discount/filters.py                                                                     115     41    64%
saleor/graphql/discount/inputs.py                                                                       37      0   100%
saleor/graphql/discount/mutations/__init__.py                                                           21      0   100%
saleor/graphql/discount/mutations/bulk_mutations.py                                                    102     43    58%
saleor/graphql/discount/mutations/promotion/__init__.py                                                  0      0   100%
saleor/graphql/discount/mutations/promotion/promotion_bulk_delete.py                                    41     12    71%
saleor/graphql/discount/mutations/promotion/promotion_create.py                                        170     89    48%
saleor/graphql/discount/mutations/promotion/promotion_delete.py                                         41     12    71%
saleor/graphql/discount/mutations/promotion/promotion_rule_create.py                                    64     21    67%
saleor/graphql/discount/mutations/promotion/promotion_rule_delete.py                                    47     17    64%
saleor/graphql/discount/mutations/promotion/promotion_rule_update.py                                   105     51    51%
saleor/graphql/discount/mutations/promotion/promotion_update.py                                        104     54    48%
saleor/graphql/discount/mutations/promotion/validators.py                                              180    158    12%
saleor/graphql/discount/mutations/sale/__init__.py                                                       0      0   100%
saleor/graphql/discount/mutations/sale/sale_add_catalogues.py                                           51     25    51%
saleor/graphql/discount/mutations/sale/sale_base_catalogue.py                                           72     40    44%
saleor/graphql/discount/mutations/sale/sale_channel_listing_update.py                                  151     89    41%
saleor/graphql/discount/mutations/sale/sale_create.py                                                   96     37    61%
saleor/graphql/discount/mutations/sale/sale_delete.py                                                   68     30    56%
saleor/graphql/discount/mutations/sale/sale_remove_catalogues.py                                        53     27    49%
saleor/graphql/discount/mutations/sale/sale_update.py                                                  137     83    39%
saleor/graphql/discount/mutations/utils.py                                                              39     27    31%
saleor/graphql/discount/mutations/voucher/__init__.py                                                    0      0   100%
saleor/graphql/discount/mutations/voucher/voucher_add_catalogues.py                                     78     33    58%
saleor/graphql/discount/mutations/voucher/voucher_channel_listing_update.py                            114     61    46%
saleor/graphql/discount/mutations/voucher/voucher_code_bulk_delete.py                                   57     25    56%
saleor/graphql/discount/mutations/voucher/voucher_create.py                                            150     75    50%
saleor/graphql/discount/mutations/voucher/voucher_delete.py                                             41     13    68%
saleor/graphql/discount/mutations/voucher/voucher_remove_catalogues.py                                  46     24    48%
saleor/graphql/discount/mutations/voucher/voucher_update.py                                             86     44    49%
saleor/graphql/discount/resolvers.py                                                                    33     22    33%
saleor/graphql/discount/schema.py                                                                       88     17    81%
saleor/graphql/discount/sorters.py                                                                      93      9    90%
saleor/graphql/discount/types/__init__.py                                                                5      0   100%
saleor/graphql/discount/types/discounts.py                                                              56      8    86%
saleor/graphql/discount/types/promotion_events.py                                                      105     20    81%
saleor/graphql/discount/types/promotions.py                                                             81     10    88%
saleor/graphql/discount/types/sales.py                                                                 124     47    62%
saleor/graphql/discount/types/vouchers.py                                                              132     27    80%
saleor/graphql/discount/utils.py                                                                       213    157    26%
saleor/graphql/error.py                                                                                 19      2    89%
saleor/graphql/giftcard/__init__.py                                                                      0      0   100%
saleor/graphql/giftcard/bulk_mutations/__init__.py                                                       5      0   100%
saleor/graphql/giftcard/bulk_mutations/gift_card_bulk_activate.py                                       42     11    74%
saleor/graphql/giftcard/bulk_mutations/gift_card_bulk_create.py                                        102     44    57%
saleor/graphql/giftcard/bulk_mutations/gift_card_bulk_deactivate.py                                     35      9    74%
saleor/graphql/giftcard/bulk_mutations/gift_card_bulk_delete.py                                         29      6    79%
saleor/graphql/giftcard/dataloaders.py                                                                  50     29    42%
saleor/graphql/giftcard/enums.py                                                                         7      0   100%
saleor/graphql/giftcard/filters.py                                                                     124     64    48%
saleor/graphql/giftcard/mutations/__init__.py                                                            8      0   100%
saleor/graphql/giftcard/mutations/gift_card_activate.py                                                 37     10    73%
saleor/graphql/giftcard/mutations/gift_card_add_note.py                                                 47     12    74%
saleor/graphql/giftcard/mutations/gift_card_create.py                                                  132     62    53%
saleor/graphql/giftcard/mutations/gift_card_deactivate.py                                               35      9    74%
saleor/graphql/giftcard/mutations/gift_card_delete.py                                                   25      2    92%
saleor/graphql/giftcard/mutations/gift_card_resend.py                                                   63     22    65%
saleor/graphql/giftcard/mutations/gift_card_update.py                                                  108     57    47%
saleor/graphql/giftcard/mutations/utils.py                                                               8      3    62%
saleor/graphql/giftcard/resolvers.py                                                                     8      3    62%
saleor/graphql/giftcard/schema.py                                                                       58     15    74%
saleor/graphql/giftcard/sorters.py                                                                      20      1    95%
saleor/graphql/giftcard/types.py                                                                       278    127    54%
saleor/graphql/graphql_core.py                                                                          19      6    68%
saleor/graphql/invoice/__init__.py                                                                       0      0   100%
saleor/graphql/invoice/dataloaders.py                                                                   11      5    55%
saleor/graphql/invoice/mutations/__init__.py                                                             7      0   100%
saleor/graphql/invoice/mutations/invoice_create.py                                                      71     29    59%
saleor/graphql/invoice/mutations/invoice_delete.py                                                      29      8    72%
saleor/graphql/invoice/mutations/invoice_request.py                                                     54     19    65%
saleor/graphql/invoice/mutations/invoice_request_delete.py                                              34      9    74%
saleor/graphql/invoice/mutations/invoice_send_notification.py                                           52     20    62%
saleor/graphql/invoice/mutations/invoice_update.py                                                      62     24    61%
saleor/graphql/invoice/schema.py                                                                         9      0   100%
saleor/graphql/invoice/types.py                                                                         24      3    88%
saleor/graphql/menu/__init__.py                                                                          0      0   100%
saleor/graphql/menu/bulk_mutations/__init__.py                                                           3      0   100%
saleor/graphql/menu/bulk_mutations/menu_bulk_delete.py                                                  30      6    80%
saleor/graphql/menu/bulk_mutations/menu_item_bulk_delete.py                                             30      6    80%
saleor/graphql/menu/dataloaders.py                                                                      29     14    52%
saleor/graphql/menu/enums.py                                                                            11      1    91%
saleor/graphql/menu/filters.py                                                                          30      3    90%
saleor/graphql/menu/mutations/__init__.py                                                                9      0   100%
saleor/graphql/menu/mutations/assign_navigation.py                                                      35     12    66%
saleor/graphql/menu/mutations/menu_create.py                                                            76     36    53%
saleor/graphql/menu/mutations/menu_delete.py                                                            30      4    87%
saleor/graphql/menu/mutations/menu_item_create.py                                                       62     18    71%
saleor/graphql/menu/mutations/menu_item_delete.py                                                       30      4    87%
saleor/graphql/menu/mutations/menu_item_move.py                                                        104     54    48%
saleor/graphql/menu/mutations/menu_item_update.py                                                       33      7    79%
saleor/graphql/menu/mutations/menu_update.py                                                            34      4    88%
saleor/graphql/menu/resolvers.py                                                                        23     14    39%
saleor/graphql/menu/schema.py                                                                           57     18    68%
saleor/graphql/menu/sorters.py                                                                          31      3    90%
saleor/graphql/menu/types.py                                                                           117     42    64%
saleor/graphql/meta/__init__.py                                                                          0      0   100%
saleor/graphql/meta/extra_methods.py                                                                    51     31    39%
saleor/graphql/meta/inputs.py                                                                            8      0   100%
saleor/graphql/meta/mutations/__init__.py                                                                5      0   100%
saleor/graphql/meta/mutations/base.py                                                                  168    105    38%
saleor/graphql/meta/mutations/delete_metadata.py                                                        26      7    73%
saleor/graphql/meta/mutations/delete_private_metadata.py                                                24      7    71%
saleor/graphql/meta/mutations/update_metadata.py                                                        28      8    71%
saleor/graphql/meta/mutations/update_private_metadata.py                                                27      9    67%
saleor/graphql/meta/mutations/utils.py                                                                  33     21    36%
saleor/graphql/meta/permissions.py                                                                     129     85    34%
saleor/graphql/meta/resolvers.py                                                                        77     48    38%
saleor/graphql/meta/schema.py                                                                            7      0   100%
saleor/graphql/meta/types.py                                                                            57     23    60%
saleor/graphql/metrics.py                                                                               44      2    95%
saleor/graphql/middleware.py                                                                             4      4     0%
saleor/graphql/notifications/__init__.py                                                                 0      0   100%
saleor/graphql/notifications/error_codes.py                                                              6      0   100%
saleor/graphql/notifications/mutations/__init__.py                                                       0      0   100%
saleor/graphql/notifications/mutations/external_notification_trigger.py                                 42     16    62%
saleor/graphql/notifications/schema.py                                                                   5      0   100%
saleor/graphql/order/__init__.py                                                                         0      0   100%
saleor/graphql/order/bulk_mutations/__init__.py                                                          0      0   100%
saleor/graphql/order/bulk_mutations/draft_orders.py                                                     97     48    51%
saleor/graphql/order/bulk_mutations/order_bulk_cancel.py                                                36      6    83%
saleor/graphql/order/bulk_mutations/order_bulk_create.py                                              1052    668    37%
saleor/graphql/order/bulk_mutations/utils.py                                                            28     22    21%
saleor/graphql/order/dataloaders.py                                                                    125     68    46%
saleor/graphql/order/enums.py                                                                           43      0   100%
saleor/graphql/order/filters.py                                                                        531    259    51%
saleor/graphql/order/mutations/__init__.py                                                               0      0   100%
saleor/graphql/order/mutations/draft_order_cleaner.py                                                   63     52    17%
saleor/graphql/order/mutations/draft_order_complete.py                                                 124     74    40%
saleor/graphql/order/mutations/draft_order_create.py                                                   212    114    46%
saleor/graphql/order/mutations/draft_order_delete.py                                                    56     18    68%
saleor/graphql/order/mutations/draft_order_update.py                                                   198    125    37%
saleor/graphql/order/mutations/fulfillment_approve.py                                                   62     22    65%
saleor/graphql/order/mutations/fulfillment_cancel.py                                                    67     27    60%
saleor/graphql/order/mutations/fulfillment_refund_and_return_product_base.py                            75     51    32%
saleor/graphql/order/mutations/fulfillment_refund_products.py                                           76     27    64%
saleor/graphql/order/mutations/fulfillment_return_products.py                                           87     33    62%
saleor/graphql/order/mutations/fulfillment_update_tracking.py                                           47     15    68%
saleor/graphql/order/mutations/order_cancel.py                                                          42     13    69%
saleor/graphql/order/mutations/order_capture.py                                                         52     19    63%
saleor/graphql/order/mutations/order_confirm.py                                                         68     31    54%
saleor/graphql/order/mutations/order_discount_add.py                                                    53     21    60%
saleor/graphql/order/mutations/order_discount_common.py                                                 40     14    65%
saleor/graphql/order/mutations/order_discount_delete.py                                                 43     15    65%
saleor/graphql/order/mutations/order_discount_update.py                                                 58     26    55%
saleor/graphql/order/mutations/order_fulfill.py                                                        130     58    55%
saleor/graphql/order/mutations/order_grant_refund_create.py                                            148     79    47%
saleor/graphql/order/mutations/order_grant_refund_update.py                                            202    128    37%
saleor/graphql/order/mutations/order_grant_refund_utils.py                                              52     41    21%
saleor/graphql/order/mutations/order_line_delete.py                                                     65     31    52%
saleor/graphql/order/mutations/order_line_discount_remove.py                                            38     11    71%
saleor/graphql/order/mutations/order_line_discount_update.py                                            48     19    60%
saleor/graphql/order/mutations/order_line_update.py                                                     65     27    58%
saleor/graphql/order/mutations/order_lines_create.py                                                   122     71    42%
saleor/graphql/order/mutations/order_mark_as_paid.py                                                    66     25    62%
saleor/graphql/order/mutations/order_note_add.py                                                        56     10    82%
saleor/graphql/order/mutations/order_note_common.py                                                     23      5    78%
saleor/graphql/order/mutations/order_note_update.py                                                     43     11    74%
saleor/graphql/order/mutations/order_refund.py                                                          57     23    60%
saleor/graphql/order/mutations/order_update.py                                                         143     68    52%
saleor/graphql/order/mutations/order_update_shipping.py                                                 61     25    59%
saleor/graphql/order/mutations/order_void.py                                                            43     14    67%
saleor/graphql/order/mutations/utils.py                                                                150     96    36%
saleor/graphql/order/resolvers.py                                                                       82     61    26%
saleor/graphql/order/schema.py                                                                         167     44    74%
saleor/graphql/order/sorters.py                                                                         38      3    92%
saleor/graphql/order/types.py                                                                         1407    813    42%
saleor/graphql/order/utils.py                                                                          137     93    32%
saleor/graphql/page/__init__.py                                                                          0      0   100%
saleor/graphql/page/bulk_mutations.py                                                                  104     36    65%
saleor/graphql/page/dataloaders.py                                                                      48     22    54%
saleor/graphql/page/filters.py                                                                         264    195    26%
saleor/graphql/page/mutations/__init__.py                                                               11      0   100%
saleor/graphql/page/mutations/page_attribute_assign.py                                                  49     20    59%
saleor/graphql/page/mutations/page_attribute_unassign.py                                                32      8    75%
saleor/graphql/page/mutations/page_create.py                                                            95     38    60%
saleor/graphql/page/mutations/page_delete.py                                                            47     16    66%
saleor/graphql/page/mutations/page_reorder_attribute_values.py                                          62     27    56%
saleor/graphql/page/mutations/page_type_create.py                                                       62     22    65%
saleor/graphql/page/mutations/page_type_delete.py                                                       45     13    71%
saleor/graphql/page/mutations/page_type_reorder_attributes.py                                           42     16    62%
saleor/graphql/page/mutations/page_type_update.py                                                       68     31    54%
saleor/graphql/page/mutations/page_update.py                                                            53     17    68%
saleor/graphql/page/resolvers.py                                                                        27     16    41%
saleor/graphql/page/schema.py                                                                           71     25    65%
saleor/graphql/page/sorters.py                                                                          45      2    96%
saleor/graphql/page/types.py                                                                           137     40    71%
saleor/graphql/payment/__init__.py                                                                       0      0   100%
saleor/graphql/payment/dataloaders.py                                                                   24     12    50%
saleor/graphql/payment/enums.py                                                                         55      2    96%
saleor/graphql/payment/filters.py                                                                       14      0   100%
saleor/graphql/payment/mutations/__init__.py                                                             4      0   100%
saleor/graphql/payment/mutations/base.py                                                                51     31    39%
saleor/graphql/payment/mutations/payment/__init__.py                                                     7      0   100%
saleor/graphql/payment/mutations/payment/checkout_payment_create.py                                    137     65    53%
saleor/graphql/payment/mutations/payment/payment_capture.py                                             36     11    69%
saleor/graphql/payment/mutations/payment/payment_check_balance.py                                       60     17    72%
saleor/graphql/payment/mutations/payment/payment_initialize.py                                          41     14    66%
saleor/graphql/payment/mutations/payment/payment_refund.py                                              41     18    56%
saleor/graphql/payment/mutations/payment/payment_void.py                                                34     11    68%
saleor/graphql/payment/mutations/stored_payment_methods/__init__.py                                      5      0   100%
saleor/graphql/payment/mutations/stored_payment_methods/payment_gateway_initialize_tokenization.py      50     19    62%
saleor/graphql/payment/mutations/stored_payment_methods/payment_method_intialize_tokenization.py        43     10    77%
saleor/graphql/payment/mutations/stored_payment_methods/payment_method_process_tokenization.py          42     10    76%
saleor/graphql/payment/mutations/stored_payment_methods/payment_method_request_delete.py                48     20    58%
saleor/graphql/payment/mutations/stored_payment_methods/utils.py                                        19     12    37%
saleor/graphql/payment/mutations/transaction/__init__.py                                                 9      0   100%
saleor/graphql/payment/mutations/transaction/payment_gateway_initialize.py                              61     26    57%
saleor/graphql/payment/mutations/transaction/shared.py                                                  64     39    39%
saleor/graphql/payment/mutations/transaction/transaction_create.py                                     177     94    47%
saleor/graphql/payment/mutations/transaction/transaction_event_report.py                               178    101    43%
saleor/graphql/payment/mutations/transaction/transaction_initialize.py                                  87     38    56%
saleor/graphql/payment/mutations/transaction/transaction_process.py                                    102     51    50%
saleor/graphql/payment/mutations/transaction/transaction_request_action.py                             136     84    38%
saleor/graphql/payment/mutations/transaction/transaction_request_refund_for_granted_refund.py           83     45    46%
saleor/graphql/payment/mutations/transaction/transaction_update.py                                     104     52    50%
saleor/graphql/payment/mutations/transaction/utils.py                                                   34     22    35%
saleor/graphql/payment/resolvers.py                                                                     23     14    39%
saleor/graphql/payment/schema.py                                                                        54     13    76%
saleor/graphql/payment/types.py                                                                        430    145    66%
saleor/graphql/payment/utils.py                                                                         26     19    27%
saleor/graphql/plugins/__init__.py                                                                       0      0   100%
saleor/graphql/plugins/dataloaders.py                                                                   41     17    59%
saleor/graphql/plugins/enums.py                                                                          8      0   100%
saleor/graphql/plugins/filters.py                                                                       37     21    43%
saleor/graphql/plugins/mutations.py                                                                     57     24    58%
saleor/graphql/plugins/resolvers.py                                                                     55     45    18%
saleor/graphql/plugins/schema.py                                                                        30      4    87%
saleor/graphql/plugins/sorters.py                                                                       36     20    44%
saleor/graphql/plugins/types.py                                                                         47      5    89%
saleor/graphql/product/__init__.py                                                                       0      0   100%
saleor/graphql/product/bulk_mutations/__init__.py                                                       13      0   100%
saleor/graphql/product/bulk_mutations/category_bulk_delete.py                                           22      2    91%
saleor/graphql/product/bulk_mutations/collection_bulk_delete.py                                         37     13    65%
saleor/graphql/product/bulk_mutations/product_bulk_create.py                                           425    292    31%
saleor/graphql/product/bulk_mutations/product_bulk_delete.py                                            73     34    53%
saleor/graphql/product/bulk_mutations/product_media_bulk_delete.py                                      16      0   100%
saleor/graphql/product/bulk_mutations/product_type_bulk_delete.py                                       37      9    76%
saleor/graphql/product/bulk_mutations/product_variant_bulk_create.py                                   371    253    32%
saleor/graphql/product/bulk_mutations/product_variant_bulk_delete.py                                    93     45    52%
saleor/graphql/product/bulk_mutations/product_variant_bulk_update.py                                   348    241    31%
saleor/graphql/product/bulk_mutations/product_variant_stocks_create.py                                  74     35    53%
saleor/graphql/product/bulk_mutations/product_variant_stocks_delete.py                                  52     18    65%
saleor/graphql/product/bulk_mutations/product_variant_stocks_update.py                                  73     36    51%
saleor/graphql/product/dataloaders/__init__.py                                                           3      0   100%
saleor/graphql/product/dataloaders/attributes.py                                                        45     17    62%
saleor/graphql/product/dataloaders/products.py                                                         316    190    40%
saleor/graphql/product/enums.py                                                                         41      0   100%
saleor/graphql/product/filters/__init__.py                                                               0      0   100%
saleor/graphql/product/filters/category.py                                                              37      4    89%
saleor/graphql/product/filters/collection.py                                                            45     11    76%
saleor/graphql/product/filters/product.py                                                              170     61    64%
saleor/graphql/product/filters/product_attributes.py                                                   371    327    12%
saleor/graphql/product/filters/product_helpers.py                                                      236    186    21%
saleor/graphql/product/filters/product_type.py                                                          44     17    61%
saleor/graphql/product/filters/product_variant.py                                                      261    194    26%
saleor/graphql/product/filters/shared.py                                                                 3      1    67%
saleor/graphql/product/mutations/__init__.py                                                             6      0   100%
saleor/graphql/product/mutations/attributes.py                                                         345    192    44%
saleor/graphql/product/mutations/category/__init__.py                                                    4      0   100%
saleor/graphql/product/mutations/category/category_create.py                                            68     21    69%
saleor/graphql/product/mutations/category/category_delete.py                                            27      6    78%
saleor/graphql/product/mutations/category/category_update.py                                            38     10    74%
saleor/graphql/product/mutations/channels.py                                                           326    182    44%
saleor/graphql/product/mutations/collection/__init__.py                                                  7      0   100%
saleor/graphql/product/mutations/collection/collection_add_products.py                                  46     16    65%
saleor/graphql/product/mutations/collection/collection_create.py                                        89     29    67%
saleor/graphql/product/mutations/collection/collection_delete.py                                        40     14    65%
saleor/graphql/product/mutations/collection/collection_remove_products.py                               34     10    71%
saleor/graphql/product/mutations/collection/collection_reorder_products.py                              49     18    63%
saleor/graphql/product/mutations/collection/collection_update.py                                        38     10    74%
saleor/graphql/product/mutations/digital_contents.py                                                   158     68    57%
saleor/graphql/product/mutations/product/__init__.py                                                     8      0   100%
saleor/graphql/product/mutations/product/product_cleaner.py                                             18     11    39%
saleor/graphql/product/mutations/product/product_create.py                                             112     32    71%
saleor/graphql/product/mutations/product/product_delete.py                                              61     24    61%
saleor/graphql/product/mutations/product/product_media_create.py                                        78     37    53%
saleor/graphql/product/mutations/product/product_media_delete.py                                        33     10    70%
saleor/graphql/product/mutations/product/product_media_reorder.py                                       41     14    66%
saleor/graphql/product/mutations/product/product_media_update.py                                        44     13    70%
saleor/graphql/product/mutations/product/product_update.py                                             105     52    50%
saleor/graphql/product/mutations/product_type/__init__.py                                                4      0   100%
saleor/graphql/product/mutations/product_type/product_type_create.py                                    79     31    61%
saleor/graphql/product/mutations/product_type/product_type_delete.py                                    41     10    76%
saleor/graphql/product/mutations/product_type/product_type_update.py                                    36     10    72%
saleor/graphql/product/mutations/product_variant/__init__.py                                             9      0   100%
saleor/graphql/product/mutations/product_variant/product_variant_cleaner.py                             34     23    32%
saleor/graphql/product/mutations/product_variant/product_variant_create.py                             155     72    54%
saleor/graphql/product/mutations/product_variant/product_variant_delete.py                              89     45    49%
saleor/graphql/product/mutations/product_variant/product_variant_preorder_deactivate.py                 39     13    67%
saleor/graphql/product/mutations/product_variant/product_variant_reorder.py                             49     21    57%
saleor/graphql/product/mutations/product_variant/product_variant_set_default.py                         36     11    69%
saleor/graphql/product/mutations/product_variant/product_variant_update.py                             185    117    37%
saleor/graphql/product/mutations/product_variant/variant_media_assign.py                                42     15    64%
saleor/graphql/product/mutations/product_variant/variant_media_unassign.py                              38     12    68%
saleor/graphql/product/mutations/utils.py                                                                8      4    50%
saleor/graphql/product/resolvers.py                                                                    134     94    30%
saleor/graphql/product/schema.py                                                                       248    105    58%
saleor/graphql/product/sorters.py                                                                      174     24    86%
saleor/graphql/product/types/__init__.py                                                                 5      0   100%
saleor/graphql/product/types/categories.py                                                             116     48    59%
saleor/graphql/product/types/channels.py                                                               171     71    58%
saleor/graphql/product/types/collections.py                                                            109     44    60%
saleor/graphql/product/types/digital_contents.py                                                        52      4    92%
saleor/graphql/product/types/products.py                                                               808    440    46%
saleor/graphql/product/utils.py                                                                         87     55    37%
saleor/graphql/promise.py                                                                               11      7    36%
saleor/graphql/query_cost_map.py                                                                         2      0   100%
saleor/graphql/schema_printer.py                                                                       227     17    93%
saleor/graphql/shipping/__init__.py                                                                      0      0   100%
saleor/graphql/shipping/bulk_mutations/__init__.py                                                       3      0   100%
saleor/graphql/shipping/bulk_mutations/shipping_price_bulk_delete.py                                    31      7    77%
saleor/graphql/shipping/bulk_mutations/shipping_zone_bulk_delete.py                                     28      6    79%
saleor/graphql/shipping/dataloaders.py                                                                 106     67    37%
saleor/graphql/shipping/enums.py                                                                         9      0   100%
saleor/graphql/shipping/filters.py                                                                      23      5    78%
saleor/graphql/shipping/mutations/__init__.py                                                           10      0   100%
saleor/graphql/shipping/mutations/base.py                                                              204    152    25%
saleor/graphql/shipping/mutations/shipping_method_channel_listing_update.py                            135     78    42%
saleor/graphql/shipping/mutations/shipping_price_create.py                                              57      6    89%
saleor/graphql/shipping/mutations/shipping_price_delete.py                                              32      8    75%
saleor/graphql/shipping/mutations/shipping_price_exclude_products.py                                    38      9    76%
saleor/graphql/shipping/mutations/shipping_price_remove_product_from_exclude.py                         32      7    78%
saleor/graphql/shipping/mutations/shipping_price_update.py                                              35      6    83%
saleor/graphql/shipping/mutations/shipping_zone_create.py                                               39      5    87%
saleor/graphql/shipping/mutations/shipping_zone_delete.py                                               28      5    82%
saleor/graphql/shipping/mutations/shipping_zone_update.py                                               37      5    86%
saleor/graphql/shipping/resolvers.py                                                                    19     10    47%
saleor/graphql/shipping/schema.py                                                                       42      6    86%
saleor/graphql/shipping/types.py                                                                       193     41    79%
saleor/graphql/shipping/utils.py                                                                        22     14    36%
saleor/graphql/shop/__init__.py                                                                          0      0   100%
saleor/graphql/shop/enums.py                                                                             7      0   100%
saleor/graphql/shop/filters.py                                                                           3      0   100%
saleor/graphql/shop/mutations/__init__.py                                                               12      0   100%
saleor/graphql/shop/mutations/gift_card_settings_update.py                                              48     18    62%
saleor/graphql/shop/mutations/order_settings_update.py                                                  41     14    66%
saleor/graphql/shop/mutations/refund_reason_reference_type_clear.py                                     24      5    79%
saleor/graphql/shop/mutations/refund_settings_update.py                                                 34      8    76%
saleor/graphql/shop/mutations/shop_address_update.py                                                    37     13    65%
saleor/graphql/shop/mutations/shop_domain_update.py                                                     35     10    71%
saleor/graphql/shop/mutations/shop_fetch_tax_rates.py                                                   18      1    94%
saleor/graphql/shop/mutations/shop_settings_update.py                                                  104     43    59%
saleor/graphql/shop/mutations/staff_notification_recipient_create.py                                    44     18    59%
saleor/graphql/shop/mutations/staff_notification_recipient_delete.py                                    16      0   100%
saleor/graphql/shop/mutations/staff_notification_recipient_update.py                                    17      0   100%
saleor/graphql/shop/resolvers.py                                                                        36     22    39%
saleor/graphql/shop/schema.py                                                                           43      7    84%
saleor/graphql/shop/types.py                                                                           322     62    81%
saleor/graphql/shop/utils.py                                                                            20     14    30%
saleor/graphql/site/__init__.py                                                                          0      0   100%
saleor/graphql/site/dataloaders.py                                                                      43     20    53%
saleor/graphql/tax/__init__.py                                                                           0      0   100%
saleor/graphql/tax/dataloaders.py                                                                       79     48    39%
saleor/graphql/tax/enums.py                                                                             16      2    88%
saleor/graphql/tax/filters.py                                                                           31      4    87%
saleor/graphql/tax/mutations/__init__.py                                                                 8      0   100%
saleor/graphql/tax/mutations/tax_class_create.py                                                        44      5    89%
saleor/graphql/tax/mutations/tax_class_delete.py                                                        23      0   100%
saleor/graphql/tax/mutations/tax_class_update.py                                                        77     29    62%
saleor/graphql/tax/mutations/tax_configuration_update.py                                               152     82    46%
saleor/graphql/tax/mutations/tax_country_configuration_delete.py                                        33      5    85%
saleor/graphql/tax/mutations/tax_country_configuration_update.py                                       126     75    40%
saleor/graphql/tax/mutations/tax_exemption_manage.py                                                    69     26    62%
saleor/graphql/tax/schema.py                                                                            63     19    70%
saleor/graphql/tax/sorters.py                                                                           17      1    94%
saleor/graphql/tax/types.py                                                                             91      9    90%
saleor/graphql/translations/__init__.py                                                                  0      0   100%
saleor/graphql/translations/dataloaders.py                                                              81     14    83%
saleor/graphql/translations/descriptions.py                                                              3      0   100%
saleor/graphql/translations/fields.py                                                                    7      0   100%
saleor/graphql/translations/mutations/__init__.py                                                       19      0   100%
saleor/graphql/translations/mutations/attribute_bulk_translate.py                                       59     20    66%
saleor/graphql/translations/mutations/attribute_translate.py                                            25      3    88%
saleor/graphql/translations/mutations/attribute_value_bulk_translate.py                                 74     28    62%
saleor/graphql/translations/mutations/attribute_value_translate.py                                      41      9    78%
saleor/graphql/translations/mutations/category_translate.py                                             19      0   100%
saleor/graphql/translations/mutations/collection_translate.py                                           26      3    88%
saleor/graphql/translations/mutations/menu_item_translate.py                                            26      3    88%
saleor/graphql/translations/mutations/page_translate.py                                                 26      0   100%
saleor/graphql/translations/mutations/product_bulk_translate.py                                         60     20    67%
saleor/graphql/translations/mutations/product_translate.py                                              37     12    68%
saleor/graphql/translations/mutations/product_variant_bulk_translate.py                                 60     20    67%
saleor/graphql/translations/mutations/product_variant_translate.py                                      38     13    66%
saleor/graphql/translations/mutations/promotion_rule_translate.py                                       38     11    71%
saleor/graphql/translations/mutations/promotion_translate.py                                            38     11    71%
saleor/graphql/translations/mutations/sale_translate.py                                                 51     21    59%
saleor/graphql/translations/mutations/shipping_price_translate.py                                       35      6    83%
saleor/graphql/translations/mutations/shop_settings_translate.py                                        39     10    74%
saleor/graphql/translations/mutations/utils.py                                                         252    151    40%
saleor/graphql/translations/mutations/voucher_translate.py                                              26      3    88%
saleor/graphql/translations/resolvers.py                                                                36     13    64%
saleor/graphql/translations/schema.py                                                                   90     41    54%
saleor/graphql/translations/types.py                                                                   531     99    81%
saleor/graphql/utils/__init__.py                                                                       159     84    47%
saleor/graphql/utils/filters.py                                                                        113     86    24%
saleor/graphql/utils/sorting.py                                                                         61     49    20%
saleor/graphql/utils/validators.py                                                                      62     29    53%
saleor/graphql/views.py                                                                                319    132    59%
saleor/graphql/warehouse/__init__.py                                                                     0      0   100%
saleor/graphql/warehouse/bulk_mutations/__init__.py                                                      2      0   100%
saleor/graphql/warehouse/bulk_mutations/stock_bulk_update.py                                           193    127    34%
saleor/graphql/warehouse/dataloaders.py                                                                274    209    24%
saleor/graphql/warehouse/enums.py                                                                        7      0   100%
saleor/graphql/warehouse/filters.py                                                                     66     25    62%
saleor/graphql/warehouse/mutations/__init__.py                                                           6      0   100%
saleor/graphql/warehouse/mutations/base.py                                                              28     20    29%
saleor/graphql/warehouse/mutations/warehouse_create.py                                                  41     15    63%
saleor/graphql/warehouse/mutations/warehouse_delete.py                                                  45     22    51%
saleor/graphql/warehouse/mutations/warehouse_shipping_zone_assign.py                                    62     29    53%
saleor/graphql/warehouse/mutations/warehouse_shipping_zone_unassign.py                                  27      4    85%
saleor/graphql/warehouse/mutations/warehouse_update.py                                                  47     18    62%
saleor/graphql/warehouse/resolvers.py                                                                    8      3    62%
saleor/graphql/warehouse/schema.py                                                                      46      9    80%
saleor/graphql/warehouse/sorters.py                                                                     17      1    94%
saleor/graphql/warehouse/types.py                                                                      142     34    76%
saleor/graphql/webhook/__init__.py                                                                       0      0   100%
saleor/graphql/webhook/dataloaders/__init__.py                                                           3      0   100%
saleor/graphql/webhook/dataloaders/models.py                                                            65     40    38%
saleor/graphql/webhook/dataloaders/pregenerated_payload_for_checkout_tax.py                             56     37    34%
saleor/graphql/webhook/dataloaders/pregenerated_payloads_for_checkout_filter_shipping_methods.py        54     38    30%
saleor/graphql/webhook/dataloaders/request_context.py                                                   13      5    62%
saleor/graphql/webhook/enums.py                                                                         37      0   100%
saleor/graphql/webhook/filters.py                                                                       17      6    65%
saleor/graphql/webhook/mixins.py                                                                         9      3    67%
saleor/graphql/webhook/mutations/__init__.py                                                             7      0   100%
saleor/graphql/webhook/mutations/event_delivery_retry.py                                                30      7    77%
saleor/graphql/webhook/mutations/webhook_create.py                                                      95     43    55%
saleor/graphql/webhook/mutations/webhook_delete.py                                                      41     15    63%
saleor/graphql/webhook/mutations/webhook_dry_run.py                                                     80     42    48%
saleor/graphql/webhook/mutations/webhook_trigger.py                                                    113     63    44%
saleor/graphql/webhook/mutations/webhook_update.py                                                      56     11    80%
saleor/graphql/webhook/resolvers.py                                                                     35     19    46%
saleor/graphql/webhook/schema.py                                                                        34      3    91%
saleor/graphql/webhook/sorters.py                                                                       32      2    94%
saleor/graphql/webhook/subscription_payload.py                                                         118     91    23%
saleor/graphql/webhook/subscription_query.py                                                           123     98    20%
saleor/graphql/webhook/subscription_types.py                                                          1685    241    86%
saleor/graphql/webhook/types.py                                                                        123     23    81%
saleor/graphql/webhook/utils.py                                                                         13      7    46%
saleor/invoice/__init__.py                                                                               7      0   100%
saleor/invoice/error_codes.py                                                                           10      0   100%
saleor/invoice/events.py                                                                                14      5    64%
saleor/invoice/models.py                                                                                51     10    80%
saleor/invoice/notifications.py                                                                         17     11    35%
saleor/menu/__init__.py                                                                                  0      0   100%
saleor/menu/error_codes.py                                                                              11      0   100%
saleor/menu/models.py                                                                                   51      9    82%
saleor/order/__init__.py                                                                               119      0   100%
saleor/order/actions.py                                                                                687    589    14%
saleor/order/base_calculations.py                                                                      149    121    19%
saleor/order/calculations.py                                                                           297    241    19%
saleor/order/error_codes.py                                                                             87      0   100%
saleor/order/events.py                                                                                 172    104    40%
saleor/order/fetch.py                                                                                  135     82    39%
saleor/order/interface.py                                                                                6      0   100%
saleor/order/lock_objects.py                                                                             6      2    67%
saleor/order/models.py                                                                                 350     84    76%
saleor/order/notifications.py                                                                          205    151    26%
saleor/order/search.py                                                                                  96     79    18%
saleor/order/tasks.py                                                                                  102     59    42%
saleor/order/utils.py                                                                                  569    464    18%
saleor/page/__init__.py                                                                                  0      0   100%
saleor/page/error_codes.py                                                                               9      0   100%
saleor/page/lock_objects.py                                                                              4      1    75%
saleor/page/models.py                                                                                   56     11    80%
saleor/page/search.py                                                                                   85     56    34%
saleor/page/tasks.py                                                                                    22      9    59%
saleor/page/utils.py                                                                                     6      3    50%
saleor/patch_local.py                                                                                   20      3    85%
saleor/payment/__init__.py                                                                              99      4    96%
saleor/payment/dataloaders.py                                                                           11      5    55%
saleor/payment/error_codes.py                                                                          102      0   100%
saleor/payment/gateway.py                                                                              204    132    35%
saleor/payment/gateways/__init__.py                                                                      0      0   100%
saleor/payment/gateways/adyen/__init__.py                                                                0      0   100%
saleor/payment/gateways/adyen/plugin.py                                                                265    206    22%
saleor/payment/gateways/adyen/utils/__init__.py                                                          0      0   100%
saleor/payment/gateways/adyen/utils/apple_pay.py                                                        40     28    30%
saleor/payment/gateways/adyen/utils/common.py                                                          213    170    20%
saleor/payment/gateways/adyen/webhooks.py                                                              549    469    15%
saleor/payment/gateways/authorize_net/__init__.py                                                      200    178    11%
saleor/payment/gateways/authorize_net/plugin.py                                                         74     46    38%
saleor/payment/gateways/braintree/__init__.py                                                          144    120    17%
saleor/payment/gateways/braintree/errors.py                                                             16      2    88%
saleor/payment/gateways/braintree/plugin.py                                                             57     35    39%
saleor/payment/gateways/dummy/__init__.py                                                               51     40    22%
saleor/payment/gateways/dummy/plugin.py                                                                 55     33    40%
saleor/payment/gateways/dummy_credit_card/__init__.py                                                   52     32    38%
saleor/payment/gateways/dummy_credit_card/plugin.py                                                     55     33    40%
saleor/payment/gateways/np_atobarai/__init__.py                                                         61     42    31%
saleor/payment/gateways/np_atobarai/api.py                                                              77     61    21%
saleor/payment/gateways/np_atobarai/api_helpers.py                                                     138    103    25%
saleor/payment/gateways/np_atobarai/api_types.py                                                        37      5    86%
saleor/payment/gateways/np_atobarai/const.py                                                            18      0   100%
saleor/payment/gateways/np_atobarai/errors.py                                                           18      2    89%
saleor/payment/gateways/np_atobarai/plugin.py                                                           62     28    55%
saleor/payment/gateways/np_atobarai/utils.py                                                            56     33    41%
saleor/payment/gateways/razorpay/__init__.py                                                            63     41    35%
saleor/payment/gateways/razorpay/errors.py                                                               4      0   100%
saleor/payment/gateways/razorpay/plugin.py                                                              38     21    45%
saleor/payment/gateways/razorpay/utils.py                                                                5      2    60%
saleor/payment/gateways/stripe/__init__.py                                                               0      0   100%
saleor/payment/gateways/stripe/consts.py                                                                20      0   100%
saleor/payment/gateways/stripe/plugin.py                                                               243    198    19%
saleor/payment/gateways/stripe/stripe_api.py                                                           148    117    21%
saleor/payment/gateways/stripe/webhooks.py                                                             208    166    20%
saleor/payment/gateways/utils.py                                                                         9      6    33%
saleor/payment/interface.py                                                                            272      2    99%
saleor/payment/lock_objects.py                                                                          16      7    56%
saleor/payment/model_helpers.py                                                                         16      8    50%
saleor/payment/models.py                                                                               187     26    86%
saleor/payment/tasks.py                                                                                 66     66     0%
saleor/payment/transaction_item_calculations.py                                                        183    138    25%
saleor/payment/utils.py                                                                                724    611    16%
saleor/permission/__init__.py                                                                            0      0   100%
saleor/permission/apps.py                                                                                7      0   100%
saleor/permission/auth_filters.py                                                                       16      5    69%
saleor/permission/enums.py                                                                              78     18    77%
saleor/permission/management.py                                                                         37      6    84%
saleor/permission/models.py                                                                             59     25    58%
saleor/permission/utils.py                                                                              57     44    23%
saleor/plugins/__init__.py                                                                              12      9    25%
saleor/plugins/admin_email/__init__.py                                                                   0      0   100%
saleor/plugins/admin_email/constants.py                                                                 25      0   100%
saleor/plugins/admin_email/notify_events.py                                                             51     41    20%
saleor/plugins/admin_email/plugin.py                                                                   106     67    37%
saleor/plugins/admin_email/tasks.py                                                                     29     14    52%
saleor/plugins/apps.py                                                                                  23      3    87%
saleor/plugins/avatax/__init__.py                                                                      350    266    24%
saleor/plugins/avatax/plugin.py                                                                        401    325    19%
saleor/plugins/avatax/tasks.py                                                                          33     20    39%
saleor/plugins/base_plugin.py                                                                          353     93    74%
saleor/plugins/const.py                                                                                  1      0   100%
saleor/plugins/email_common.py                                                                         174    118    32%
saleor/plugins/error_codes.py                                                                            8      0   100%
saleor/plugins/manager.py                                                                              892    649    27%
saleor/plugins/models.py                                                                                23      2    91%
saleor/plugins/openid_connect/__init__.py                                                                1      0   100%
saleor/plugins/openid_connect/client.py                                                                  7      2    71%
saleor/plugins/openid_connect/const.py                                                                   1      0   100%
saleor/plugins/openid_connect/dataclasses.py                                                            15      0   100%
saleor/plugins/openid_connect/exceptions.py                                                              1      0   100%
saleor/plugins/openid_connect/plugin.py                                                                222    180    19%
saleor/plugins/openid_connect/utils.py                                                                 350    287    18%
saleor/plugins/sendgrid/__init__.py                                                                     21      0   100%
saleor/plugins/sendgrid/plugin.py                                                                       55     30    45%
saleor/plugins/sendgrid/tasks.py                                                                       123     75    39%
saleor/plugins/user_email/__init__.py                                                                    0      0   100%
saleor/plugins/user_email/constants.py                                                                  65      0   100%
saleor/plugins/user_email/notify_events.py                                                             125    105    16%
saleor/plugins/user_email/plugin.py                                                                     94     62    34%
saleor/plugins/user_email/tasks.py                                                                     100     62    38%
saleor/plugins/views.py                                                                                 16      6    62%
saleor/plugins/webhook/__init__.py                                                                       0      0   100%
saleor/plugins/webhook/conftest.py                                                                      10     10     0%
saleor/plugins/webhook/plugin.py                                                                      1415   1151    19%
saleor/product/__init__.py                                                                               8      0   100%
saleor/product/apps.py                                                                                  11      0   100%
saleor/product/error_codes.py                                                                           60      0   100%
saleor/product/lock_objects.py                                                                           4      1    75%
saleor/product/managers.py                                                                             116     81    30%
saleor/product/models.py                                                                               346     64    82%
saleor/product/product_images.py                                                                        16     16     0%
saleor/product/search.py                                                                                68     46    32%
saleor/product/signals.py                                                                               10      6    40%
saleor/product/tasks.py                                                                                163     98    40%
saleor/product/utils/__init__.py                                                                        49     33    33%
saleor/product/utils/availability.py                                                                    81     51    37%
saleor/product/utils/costs.py                                                                           53     37    30%
saleor/product/utils/digital_products.py                                                                33     23    30%
saleor/product/utils/product.py                                                                         57     47    18%
saleor/product/utils/search_helpers.py                                                                   6      3    50%
saleor/product/utils/variant_prices.py                                                                 107     86    20%
saleor/product/utils/variants.py                                                                        31     20    35%
saleor/product/views.py                                                                                 24     16    33%
saleor/schedulers/__init__.py                                                                            0      0   100%
saleor/schedulers/customschedule.py                                                                     12      3    75%
saleor/schedulers/models.py                                                                             64     33    48%
saleor/schedulers/schedulers.py                                                                         66     66     0%
saleor/seo/__init__.py                                                                                   0      0   100%
saleor/seo/models.py                                                                                    23      4    83%
saleor/settings.py                                                                                     348     37    89%
saleor/shipping/__init__.py                                                                              8      0   100%
saleor/shipping/error_codes.py                                                                          10      0   100%
saleor/shipping/interface.py                                                                            40      5    88%
saleor/shipping/models.py                                                                              147     59    60%
saleor/shipping/postal_codes.py                                                                         65     52    20%
saleor/shipping/tasks.py                                                                                13      3    77%
saleor/shipping/utils.py                                                                                46     30    35%
saleor/site/__init__.py                                                                                  4      0   100%
saleor/site/context_processors.py                                                                        9      0   100%
saleor/site/error_codes.py                                                                              14      0   100%
saleor/site/models.py                                                                                   75     13    83%
saleor/site/patch_sites.py                                                                              43     18    58%
saleor/tax/__init__.py                                                                                   8      0   100%
saleor/tax/calculations/__init__.py                                                                     17     12    29%
saleor/tax/calculations/checkout.py                                                                     37     24    35%
saleor/tax/calculations/order.py                                                                        75     58    23%
saleor/tax/error_codes.py                                                                               34      0   100%
saleor/tax/models.py                                                                                    44      3    93%
saleor/tax/utils.py                                                                                    117     81    31%
saleor/thumbnail/__init__.py                                                                            18      0   100%
saleor/thumbnail/apps.py                                                                                 8      0   100%
saleor/thumbnail/models.py                                                                              20      3    85%
saleor/thumbnail/signals.py                                                                              4      2    50%
saleor/thumbnail/utils.py                                                                              125     86    31%
saleor/thumbnail/validators.py                                                                          33     25    24%
saleor/thumbnail/views.py                                                                               76     51    33%
saleor/translations/__init__.py                                                                          0      0   100%
saleor/translations/error_codes.py                                                                      21      0   100%
saleor/urls.py                                                                                          15      2    87%
saleor/warehouse/__init__.py                                                                             5      0   100%
saleor/warehouse/availability.py                                                                       178    142    20%
saleor/warehouse/error_codes.py                                                                         20      0   100%
saleor/warehouse/lock_objects.py                                                                         7      3    57%
saleor/warehouse/management.py                                                                         393    340    13%
saleor/warehouse/models.py                                                                             227    106    53%
saleor/warehouse/reservations.py                                                                       157    130    17%
saleor/warehouse/tasks.py                                                                               34     34     0%
saleor/warehouse/validation.py                                                                          11      8    27%
saleor/webhook/__init__.py                                                                               8      4    50%
saleor/webhook/circuit_breaker/breaker_board.py                                                         98     65    34%
saleor/webhook/const.py                                                                                  6      0   100%
saleor/webhook/deprecated_event_types.py                                                                49      0   100%
saleor/webhook/error_codes.py                                                                           35      0   100%
saleor/webhook/event_types.py                                                                          182      0   100%
saleor/webhook/models.py                                                                                29      2    93%
saleor/webhook/observability/__init__.py                                                                 6      0   100%
saleor/webhook/observability/buffers.py                                                                119     75    37%
saleor/webhook/observability/exceptions.py                                                              16      3    81%
saleor/webhook/observability/obfuscation.py                                                            103     79    23%
saleor/webhook/observability/payload_schema.py                                                         103     23    78%
saleor/webhook/observability/payloads.py                                                               113     67    41%
saleor/webhook/observability/sensitive_data.py                                                           5      0   100%
saleor/webhook/observability/tracing.py                                                                  7      3    57%
saleor/webhook/observability/utils.py                                                                  143     58    59%
saleor/webhook/payload_serializers.py                                                                   63     49    22%
saleor/webhook/payloads.py                                                                             479    319    33%
saleor/webhook/response_schemas/__init__.py                                                              6      0   100%
saleor/webhook/response_schemas/payment.py                                                              67     15    78%
saleor/webhook/response_schemas/shipping.py                                                             67     24    64%
saleor/webhook/response_schemas/taxes.py                                                                23      7    70%
saleor/webhook/response_schemas/transaction.py                                                         120     28    77%
saleor/webhook/response_schemas/utils/__init__.py                                                        0      0   100%
saleor/webhook/response_schemas/utils/annotations.py                                                    77     38    51%
saleor/webhook/response_schemas/utils/helpers.py                                                        13     11    15%
saleor/webhook/response_schemas/utils/validators.py                                                      8      7    12%
saleor/webhook/serializers.py                                                                           90     73    19%
saleor/webhook/transport/__init__.py                                                                     8      4    50%
saleor/webhook/transport/asynchronous/__init__.py                                                        2      0   100%
saleor/webhook/transport/asynchronous/transport.py                                                     311    242    22%
saleor/webhook/transport/list_stored_payment_methods.py                                                 92     72    22%
saleor/webhook/transport/metrics.py                                                                     23      9    61%
saleor/webhook/transport/payment.py                                                                     31     24    23%
saleor/webhook/transport/shipping.py                                                                    84     57    32%
saleor/webhook/transport/shipping_helpers.py                                                            19     14    26%
saleor/webhook/transport/synchronous/__init__.py                                                         2      0   100%
saleor/webhook/transport/synchronous/transport.py                                                      192    143    26%
saleor/webhook/transport/taxes.py                                                                       12      3    75%
saleor/webhook/transport/utils.py                                                                      286    182    36%
saleor/webhook/utils.py                                                                                 71     58    18%
saleor/webhook/validators.py                                                                            20     14    30%
------------------------------------------------------------------------------------------------------------------------
TOTAL                                                                                                82619  42149    49%
Coverage HTML written to dir htmlcov
=========================== short test summary info ============================
FAILED tests/integration/test_api.py::test_graphql_shop_query - assert 400 ==...
FAILED tests/integration/test_api.py::test_graphql_products_query - assert 40...
============ 2 failed, 131 passed, 4 warnings in 261.47s (0:04:21) =============
